Lists before: 
5 2 7 8 1 
1 6 3 8 4 
5 2 7 4 3 
1 2 3 4 7 
5 6 7 8 9 

Lists after: 
30 6 56 72 2 
2 42 12 72 20 
30 6 56 20 12 
2 6 12 20 56 
30 42 56 72 90